// Jest Snapshot v1, https://goo.gl/fbAQLP

exports[`Menu renders defaultProps 1`] = `
<nav
  className="menu menu--home"
>
  <button
    aria-label="navigate back"
    className="icon-button hidden icon-button icon-button--back"
    name="navigate back"
    onClick={[Function]}
    tabIndex="0"
    type="button"
  >
    <svg
      className="icon icon--back"
      width={16}
    >
      left-arrow.svg
    </svg>
  </button>
  <h1
    className="hidden menu__title"
  >
    
    
    
  </h1>
  <button
    aria-label="add a song via youtube link"
    className="icon-button  icon-button icon-button--help"
    name="add a song via youtube link"
    tabIndex="0"
    type="button"
  >
    <svg
      className="icon icon--help"
      width={27}
    >
      add-button.svg
    </svg>
  </button>
</nav>
`;
